                                            img_path  ...                                              label
0  /lustre/backup/WUR/WFSR/gaur001/PlantVillage-D...  ...  Corn_(maize)___Cercospora_leaf_spot Gray_leaf_...
1  /lustre/backup/WUR/WFSR/gaur001/PlantVillage-D...  ...  Corn_(maize)___Cercospora_leaf_spot Gray_leaf_...
2  /lustre/backup/WUR/WFSR/gaur001/PlantVillage-D...  ...  Corn_(maize)___Cercospora_leaf_spot Gray_leaf_...
3  /lustre/backup/WUR/WFSR/gaur001/PlantVillage-D...  ...  Corn_(maize)___Cercospora_leaf_spot Gray_leaf_...
4  /lustre/backup/WUR/WFSR/gaur001/PlantVillage-D...  ...  Corn_(maize)___Cercospora_leaf_spot Gray_leaf_...

[5 rows x 3 columns]
/lustre/backup/WUR/WFSR/gaur001/PlantVillage-Dataset/raw/segmented/Corn_(maize)___Cercospora_leaf_spot Gray_leaf_spot/ae535bc2-e24f-437e-ba3c-661fb05c0173___RS_GLSp 4461_final_masked.jpg
(224, 224, 3)
(224, 224)
[[ 7.492607  11.194576  28.973238  ... 23.217916  34.78372   20.19823  ]
 [ 7.6838765  9.576485  31.467493  ... 32.980892  43.413605  31.268923 ]
 [ 9.576485   9.576485  20.332148  ...  9.576485  13.324919   8.557181 ]
 ...
 [ 9.576485  11.795572  68.99638   ... 47.063217  49.927795  40.12966  ]
 [ 9.576485   9.576485  13.324604  ...  9.576485  15.95948   15.387594 ]
 [ 9.576485   9.576485   9.576485  ... 13.804685  10.86263    9.576485 ]]
/lustre/backup/WUR/WFSR/gaur001/PlantVillage-Dataset/raw/segmented/Corn_(maize)___Cercospora_leaf_spot Gray_leaf_spot/dc846417-563a-4e11-b4ba-b093db6af0b7___RS_GLSp 4430_final_masked.jpg
(224, 224, 3)
(224, 224)
[[ 4.1399565  7.7922983 26.121237  ... 22.74056   32.952343  18.750305 ]
 [ 4.005381   8.955435  24.45277   ... 27.692421  38.42268   30.93061  ]
 [ 8.61269    8.61269   31.651335  ...  8.61269    8.61269    6.9720488]
 ...
 [ 8.61269   12.796087  62.463757  ... 43.48662   20.340117  34.09783  ]
 [ 8.61269    8.61269    5.0276737 ... 12.606634  15.73913   18.370987 ]
 [ 8.61269    8.61269    8.61269   ... 17.087976  18.07796   10.668429 ]]
/lustre/backup/WUR/WFSR/gaur001/PlantVillage-Dataset/raw/segmented/Corn_(maize)___Cercospora_leaf_spot Gray_leaf_spot/9103b8e5-919c-4d08-a282-25176874769c___RS_GLSp 4653_final_masked.jpg
(224, 224, 3)
(224, 224)
[[ 7.5119286 10.843333  28.831497  ... 19.181519  35.23981   18.518166 ]
 [ 7.541255   9.582455  31.327864  ... 20.675295  42.52454   27.981577 ]
 [ 9.582455   9.582455  18.262384  ...  9.582455   9.582455   7.2164726]
 ...
 [ 9.582455  11.268462  68.85822   ... 47.132877  50.007954  40.24841  ]
 [ 9.582455   9.582455  13.385445  ...  9.582455  15.875584  15.318456 ]
 [ 9.582455   9.582455   9.582455  ... 13.874057  10.844777   9.582455 ]]
/lustre/backup/WUR/WFSR/gaur001/PlantVillage-Dataset/raw/segmented/Corn_(maize)___Cercospora_leaf_spot Gray_leaf_spot/7118cb62-d96a-4ae0-8c85-634aa6bc6f62___RS_GLSp 4354_final_masked.jpg
(224, 224, 3)
(224, 224)
[[ 7.793732   11.500851   28.80849    ... 27.838947   40.6841
  22.853527  ]
 [ 7.869813    9.85021    31.226955   ... 17.433052   47.17555
  40.465694  ]
 [ 9.85021     9.85021    21.097612   ...  9.85021     5.5811076
   0.90637225]
 ...
 [ 9.85021    11.659557   66.38846    ... 46.333454   18.088577
  29.849583  ]
 [ 9.85021     9.85021    16.13375    ... 17.057474   18.704151
  17.25849   ]
 [ 9.85021     9.85021     9.85021    ... 25.093037   23.978401
  11.023011  ]]
/lustre/backup/WUR/WFSR/gaur001/PlantVillage-Dataset/raw/segmented/Corn_(maize)___Cercospora_leaf_spot Gray_leaf_spot/cfbb5e1c-2812-4467-9748-ee171462c331___RS_GLSp 4371_final_masked.jpg
(224, 224, 3)
(224, 224)
[[ 4.051014   6.6458178 24.062107  ... 24.231745  33.839527  19.881466 ]
 [ 4.442868   8.974131  25.67966   ... 35.000683  42.254677  30.767975 ]
 [ 9.614935  12.81323   45.859947  ...  9.614935  11.670418   9.614935 ]
 ...
 [ 9.614935  10.8174095 66.26331   ... 44.17347   49.635143  40.602818 ]
 [ 9.614935   9.614935  13.59392   ...  9.742142  15.854942  15.199573 ]
 [ 9.614935   9.614935   9.614935  ... 14.555948  11.01538    9.614935 ]]
/lustre/backup/WUR/WFSR/gaur001/PlantVillage-Dataset/raw/segmented/Corn_(maize)___Cercospora_leaf_spot Gray_leaf_spot/c17a8d9b-f000-4df3-9673-444de04b7dbd___RS_GLSp 9309_final_masked.jpg
(224, 224, 3)
(224, 224)
[[ 7.3805013 10.701631  28.102942  ... 24.22896   33.753742  19.800068 ]
 [ 7.396906   9.406055  30.405262  ... 35.003628  42.04914   30.598558 ]
 [ 9.406055   9.406055  18.434204  ...  9.406055  11.576581   9.406055 ]
 ...
 [ 9.406055  10.998048  68.25025   ... 41.89406   50.432228  41.759594 ]
 [ 9.406055   9.406055  13.067878  ...  9.406055  15.307916  14.831793 ]
 [ 9.406055   9.406055   9.406055  ... 14.251769  10.756795   9.406055 ]]
/lustre/backup/WUR/WFSR/gaur001/PlantVillage-Dataset/raw/segmented/Corn_(maize)___Cercospora_leaf_spot Gray_leaf_spot/2c890074-1b01-46cb-9e56-8601d13ec218___RS_GLSp 4469 copy_final_masked.jpg
(224, 224, 3)
(224, 224)
[[ 7.1684084  8.475442  25.588572  ... 27.964756  37.5823    22.298468 ]
 [ 8.228187   9.6965    29.050314  ... 22.547226  39.96785   32.353218 ]
 [ 9.6965     9.6965    33.05627   ...  9.6965     9.349145   6.930591 ]
 ...
 [ 9.6965     9.6965    49.764698  ... 54.617165  32.02425   44.889877 ]
 [ 9.6965     9.6965     5.094475  ... 26.915243  27.926933  25.528019 ]
 [ 9.6965     9.6965     9.6965    ... 26.910828  24.392645  11.334525 ]]
/lustre/backup/WUR/WFSR/gaur001/PlantVillage-Dataset/raw/segmented/Corn_(maize)___Cercospora_leaf_spot Gray_leaf_spot/c7707d46-6667-44ae-bb3c-fc7b2b8bb76c___RS_GLSp 7298_final_masked.jpg
(224, 224, 3)
(224, 224)
[[ 6.8168936 12.335687  29.202045  ... 17.344364  34.481373  20.238672 ]
 [ 6.445118   8.605979  31.878784  ...  9.1147785 31.789785  25.68597  ]
 [ 9.1147785  9.1147785 31.521368  ...  9.1147785  9.1147785  7.267641 ]
 ...
 [ 9.1147785 10.977236  80.090675  ... 52.978218  28.567617  35.37849  ]
 [ 9.1147785  9.1147785  9.1147785 ... 15.190518  22.205349  23.457834 ]
 [ 9.1147785  9.1147785  9.1147785 ... 17.22678   19.272762  12.085118 ]]
/lustre/backup/WUR/WFSR/gaur001/PlantVillage-Dataset/raw/segmented/Corn_(maize)___Cercospora_leaf_spot Gray_leaf_spot/4d603da2-b570-4d8a-ba97-28f99c42dd89___RS_GLSp 7343_final_masked.jpg
(224, 224, 3)
(224, 224)
[[ 7.3468356 10.985424  30.020092  ... 21.495182  35.25805   19.129713 ]
 [ 7.798502   9.337385  32.522255  ... 12.458101  40.15997   31.1155   ]
 [ 9.337385   9.337385  19.059294  ...  9.337385  16.424541   3.0737987]
 ...
 [ 9.337385  11.208496  66.303246  ... 45.929237  48.6858    39.150124 ]
 [ 9.337385   9.337385  13.015846  ...  9.337385  15.4852705 14.9433975]
 [ 9.337385   9.337385   9.337385  ... 13.440164  10.567236   9.337385 ]]
/lustre/backup/WUR/WFSR/gaur001/PlantVillage-Dataset/raw/segmented/Corn_(maize)___Cercospora_leaf_spot Gray_leaf_spot/ec76caa7-e1a4-440e-9b4c-3ee355aac33b___RS_GLSp 4479_final_masked.jpg
(224, 224, 3)
(224, 224)
[[ 7.328537  11.509721  31.623932  ... 24.079657  36.15276   20.551802 ]
 [ 8.126978   9.549917  33.88704   ... 13.129293  43.466732  35.385506 ]
 [ 9.549917   9.549917  21.652489  ...  9.549917   8.943027   1.5824466]
 ...
 [ 9.549917  11.593788  55.40407   ... 45.861572  48.614796  39.17443  ]
 [ 9.549917   9.549917  15.7492895 ...  9.549917  15.686194  15.138503 ]
 [ 9.549917   9.963036   9.549917  ... 13.692633  10.771337   9.549917 ]]
